2026-03-24 14:08:49,130 - INFO - loading data from: data/raw/diabetic_data.csv
2026-03-24 14:08:49,305 - INFO - Data loaded successfully
2026-03-24 14:08:49,305 - INFO - showing the basic dataset info
2026-03-24 14:08:49,375 - INFO - Saving data to SQLite database
2026-03-24 14:08:49,708 - INFO - Data saved to database successfully
2026-03-24 14:48:20,476 - INFO -loading raw data for cleaning
2026-03-24 14:48:20,666 - INFO -Replacing ? with NaN
2026-03-24 14:48:20,809 - INFO -Dropping useless columns
2026-03-24 14:48:20,811 - INFO -Columns after dropping: 43
2026-03-24 14:48:20,812 - INFO -handling missing values
2026-03-24 14:49:12,105 - INFO -loading raw data for cleaning
2026-03-24 14:49:12,280 - INFO -Replacing ? with NaN
2026-03-24 14:49:12,418 - INFO -Dropping useless columns
2026-03-24 14:49:12,420 - INFO -Columns after dropping: 43
2026-03-24 14:49:12,421 - INFO -handling missing values
2026-03-24 14:50:45,565 - INFO -loading raw data for cleaning
2026-03-24 14:50:45,741 - INFO -Replacing ? with NaN
2026-03-24 14:50:45,880 - INFO -Dropping useless columns
2026-03-24 14:50:45,883 - INFO -Columns after dropping: 43
2026-03-24 14:50:45,883 - INFO -handling missing values
2026-03-24 14:50:46,058 - INFO -missing values handled successfully
2026-03-24 14:50:46,059 - INFO -Cleaning target column: readmitted
2026-03-24 14:50:46,072 - INFO -Target column cleaned successfully
2026-03-24 14:51:24,723 - INFO -loading raw data for cleaning
2026-03-24 14:51:24,908 - INFO -Replacing ? with NaN
2026-03-24 14:51:25,055 - INFO -Dropping useless columns
2026-03-24 14:51:25,055 - INFO -Columns after dropping: 43
2026-03-24 14:51:25,056 - INFO -handling missing values
2026-03-24 14:51:25,237 - INFO -missing values handled successfully
2026-03-24 14:51:25,237 - INFO -Cleaning target column: readmitted
2026-03-24 14:51:25,251 - INFO -Target column cleaned successfully
2026-03-24 14:51:25,251 - INFO -Saving cleaned data
2026-03-24 14:51:25,953 - INFO -Cleaned data saved successfully
2026-03-24 14:55:10,351 - INFO -loading raw data for cleaning
2026-03-24 14:55:10,584 - INFO -Replacing ? with NaN
2026-03-24 14:55:10,733 - INFO -Dropping useless columns
2026-03-24 14:55:10,736 - INFO -Columns after dropping: 43
2026-03-24 14:55:10,737 - INFO -handling missing values
2026-03-24 14:55:10,921 - INFO -missing values handled successfully
2026-03-24 14:55:10,922 - INFO -Cleaning target column: readmitted
2026-03-24 14:55:10,936 - INFO -Target column cleaned successfully
2026-03-24 14:55:10,936 - INFO -Saving cleaned data
2026-03-24 14:55:11,658 - INFO -Cleaned data saved successfully
2026-03-24 15:14:57,922 - INFO - Loading cleaned data for analysis
2026-03-24 15:14:58,072 - INFO - Running descriptive statistics
2026-03-24 15:14:58,104 - INFO - Descriptive statistics completed
2026-03-24 15:14:58,104 - INFO - Running correlation analysis
2026-03-24 15:14:58,125 - INFO - Correlation analysis completed
2026-03-24 15:14:58,125 - INFO - Running hypothesis testing
2026-03-24 15:14:58,148 - INFO - Hypothesis test completed. P-value: 0.0000
2026-03-24 15:14:58,148 - INFO - Calculating skewness and kurtosis
2026-03-24 15:14:58,150 - INFO - Skewness and kurtosis calculated
2026-03-24 15:14:58,150 - INFO - Saving summary statistics
2026-03-24 15:14:58,164 - INFO - Summary statistics saved successfully
2026-03-24 15:17:13,563 - INFO - loading data from: data/raw/diabetic_data.csv
2026-03-24 15:17:13,744 - INFO - Data loaded successfully
2026-03-24 15:21:48,932 - INFO - Loading cleaned data for visualization
2026-03-24 15:21:49,069 - INFO - Plotting readmission rate by age group
2026-03-24 15:21:50,275 - INFO - Readmission by age plot saved
2026-03-24 15:21:50,275 - INFO - Plotting correlation heatmap
2026-03-24 15:21:50,418 - INFO - Correlation heatmap saved
2026-03-24 15:21:50,418 - INFO - Plotting medication distribution
2026-03-24 15:21:50,508 - INFO - Medication distribution plot saved
2026-03-24 15:21:50,508 - INFO - Plotting time in hospital boxplot
2026-03-24 15:21:50,541 - INFO - Using categorical units to plot a list of strings that are all parsable as floats or dates. If these strings should be plotted as numbers, cast to the appropriate data type before plotting.
2026-03-24 15:21:50,563 - INFO - Using categorical units to plot a list of strings that are all parsable as floats or dates. If these strings should be plotted as numbers, cast to the appropriate data type before plotting.
2026-03-24 15:21:50,608 - INFO - Time in hospital plot saved
2026-03-24 15:21:50,608 - INFO - Creating interactive Plotly dashboard
2026-03-24 15:21:50,722 - INFO - Interactive dashboard saved
2026-03-24 15:26:58,108 - INFO - Data loaded for modeling
2026-03-24 15:26:58,298 - INFO - Text columns encoded
2026-03-24 15:26:58,300 - INFO - Features and target separated
2026-03-24 15:26:58,322 - INFO - Features scaled
2026-03-24 15:26:58,349 - INFO - Data split: 81412 train, 20354 test
2026-03-24 15:26:58,394 - INFO - Model training completed
2026-03-24 15:26:58,586 - INFO - Model accuracy: 0.6689
2026-03-24 15:26:58,587 - INFO - Model saved successfully
2026-03-24 15:35:21,517 - INFO - Results loaded for report generation
2026-03-24 15:35:21,582 - INFO - Excel report generated successfully
2026-03-24 15:35:21,648 - INFO - PDF report generated successfully
2026-03-24 15:43:03,333 - INFO - loading data from: data/raw/diabetic_data.csv
2026-03-24 15:43:03,543 - INFO - Data loaded successfully
2026-03-24 15:43:39,908 - INFO - showing the basic dataset info
2026-03-24 15:43:39,978 - INFO - Saving data to SQLite database
2026-03-24 15:43:40,484 - INFO - Data saved to database successfully
2026-03-24 15:43:40,484 - INFO - loading raw data for cleaning
2026-03-24 15:43:40,682 - INFO - Replacing ? with NaN
2026-03-24 15:43:40,828 - INFO - Dropping useless columns
2026-03-24 15:43:40,829 - INFO - Columns after dropping: 43
2026-03-24 15:43:40,830 - INFO - handling missing values
2026-03-24 15:43:41,078 - INFO - missing values handled successfully
2026-03-24 15:43:41,079 - INFO - Cleaning target column: readmitted
2026-03-24 15:43:41,098 - INFO - Target column cleaned successfully
2026-03-24 15:43:41,098 - INFO - Saving cleaned data
2026-03-24 15:43:41,844 - INFO - Cleaned data saved successfully
2026-03-24 15:44:13,596 - INFO - Loading cleaned data for analysis
2026-03-24 15:44:13,764 - INFO - Running descriptive statistics
2026-03-24 15:44:13,810 - INFO - Descriptive statistics completed
2026-03-24 15:44:13,810 - INFO - Running correlation analysis
2026-03-24 15:44:13,879 - INFO - Correlation analysis completed
2026-03-24 15:44:13,879 - INFO - Running hypothesis testing
2026-03-24 15:44:13,916 - INFO - Hypothesis test completed. P-value: 0.0000
2026-03-24 15:44:13,916 - INFO - Calculating skewness and kurtosis
2026-03-24 15:44:13,918 - INFO - Skewness and kurtosis calculated
2026-03-24 15:44:13,918 - INFO - Saving summary statistics
2026-03-24 15:44:13,935 - INFO - Summary statistics saved successfully
2026-03-24 15:44:13,935 - INFO - Loading cleaned data for visualization
2026-03-24 15:44:14,164 - INFO - Plotting readmission rate by age group
2026-03-24 15:44:14,433 - INFO - Readmission by age plot saved
2026-03-24 15:44:14,434 - INFO - Plotting correlation heatmap
2026-03-24 15:44:14,568 - INFO - Correlation heatmap saved
2026-03-24 15:44:14,568 - INFO - Plotting medication distribution
2026-03-24 15:44:14,697 - INFO - Medication distribution plot saved
2026-03-24 15:44:14,697 - INFO - Plotting time in hospital boxplot
2026-03-24 15:44:14,744 - INFO - Using categorical units to plot a list of strings that are all parsable as floats or dates. If these strings should be plotted as numbers, cast to the appropriate data type before plotting.
2026-03-24 15:44:14,763 - INFO - Using categorical units to plot a list of strings that are all parsable as floats or dates. If these strings should be plotted as numbers, cast to the appropriate data type before plotting.
2026-03-24 15:44:14,816 - INFO - Time in hospital plot saved
2026-03-24 15:44:14,816 - INFO - Creating interactive Plotly dashboard
2026-03-24 15:44:14,964 - INFO - Interactive dashboard saved
2026-03-24 15:44:15,145 - INFO - Data loaded for modeling
2026-03-24 15:44:15,354 - INFO - Text columns encoded
2026-03-24 15:44:15,355 - INFO - Features and target separated
2026-03-24 15:44:15,394 - INFO - Features scaled
2026-03-24 15:44:15,425 - INFO - Data split: 81412 train, 20354 test
2026-03-24 15:44:15,475 - INFO - Model training completed
2026-03-24 15:44:15,547 - INFO - Model accuracy: 0.6689
2026-03-24 15:44:15,547 - INFO - Model saved successfully
2026-03-24 15:44:15,706 - INFO - Results loaded for report generation
2026-03-24 15:44:15,723 - INFO - Excel report generated successfully
2026-03-24 15:44:15,789 - INFO - PDF report generated successfully
2026-03-24 15:53:17,695 - INFO - Model and scaler loaded for prediction
2026-03-24 15:55:00,351 - INFO - Patient details collected from terminal
2026-03-24 15:55:00,516 - INFO - Patient input prepared for prediction
2026-03-24 15:55:00,522 - INFO - Prediction made: 🔴 HIGH RISK, Score: 92.9%
2026-03-24 20:07:43,852 - INFO - Model and scaler loaded for prediction
2026-03-24 20:08:20,219 - INFO - Patient details collected from terminal
2026-03-24 20:08:20,390 - INFO - Patient input prepared for prediction
2026-03-24 20:08:20,395 - INFO - Prediction made: 🔴 HIGH RISK, Score: 90.0%
2026-03-24 21:34:36,444 - INFO - Loading cleaned data for analysis
2026-03-24 21:34:36,582 - INFO - Running descriptive statistics
2026-03-24 21:34:36,612 - INFO - Descriptive statistics completed
2026-03-24 21:34:36,612 - INFO - Running correlation analysis
2026-03-24 21:34:36,630 - INFO - Correlation analysis completed
2026-03-24 21:34:36,630 - INFO - Running hypothesis testing
2026-03-24 21:34:36,654 - INFO - Hypothesis test completed. P-value: 0.0000
2026-03-24 21:34:36,654 - INFO - Calculating skewness and kurtosis
2026-03-24 21:34:36,655 - INFO - Skewness and kurtosis calculated
2026-03-24 21:34:36,655 - INFO - Saving summary statistics
2026-03-24 21:34:36,671 - INFO - Summary statistics saved successfully
2026-03-24 22:02:41,858 - INFO - loading data from: data/raw/diabetic_data.csv
2026-03-24 22:02:42,058 - INFO - Data loaded successfully
2026-03-24 22:03:18,175 - INFO - showing the basic dataset info
2026-03-24 22:03:18,249 - INFO - Saving data to SQLite database
2026-03-24 22:03:18,636 - INFO - Data saved to database successfully
2026-03-24 22:03:18,636 - INFO - loading raw data for cleaning
2026-03-24 22:03:18,816 - INFO - Replacing ? with NaN
2026-03-24 22:03:18,960 - INFO - Dropping useless columns
2026-03-24 22:03:18,961 - INFO - Columns after dropping: 43
2026-03-24 22:03:18,961 - INFO - handling missing values
2026-03-24 22:03:19,142 - INFO - missing values handled successfully
2026-03-24 22:03:19,142 - INFO - Cleaning target column: readmitted
2026-03-24 22:03:19,157 - INFO - Target column cleaned successfully
2026-03-24 22:03:19,157 - INFO - Saving cleaned data
2026-03-24 22:03:19,837 - INFO - Cleaned data saved successfully
2026-03-24 22:03:51,207 - INFO - Loading cleaned data for analysis
2026-03-24 22:03:51,348 - INFO - Running descriptive statistics
2026-03-24 22:03:51,375 - INFO - Descriptive statistics completed
2026-03-24 22:03:51,376 - INFO - Running correlation analysis
2026-03-24 22:03:51,394 - INFO - Correlation analysis completed
2026-03-24 22:03:51,394 - INFO - Running hypothesis testing
2026-03-24 22:03:51,419 - INFO - Hypothesis test completed. P-value: 0.0000
2026-03-24 22:03:51,419 - INFO - Calculating skewness and kurtosis
2026-03-24 22:03:51,420 - INFO - Skewness and kurtosis calculated
2026-03-24 22:03:51,420 - INFO - Saving summary statistics
2026-03-24 22:03:51,435 - INFO - Summary statistics saved successfully
2026-03-24 22:03:51,435 - INFO - Loading cleaned data for visualization
2026-03-24 22:03:51,573 - INFO - Plotting readmission rate by age group
2026-03-24 22:03:51,826 - INFO - Readmission by age plot saved
2026-03-24 22:03:51,826 - INFO - Plotting correlation heatmap
2026-03-24 22:03:51,940 - INFO - Correlation heatmap saved
2026-03-24 22:03:51,941 - INFO - Plotting medication distribution
2026-03-24 22:03:52,026 - INFO - Medication distribution plot saved
2026-03-24 22:03:52,026 - INFO - Plotting time in hospital boxplot
2026-03-24 22:03:52,059 - INFO - Using categorical units to plot a list of strings that are all parsable as floats or dates. If these strings should be plotted as numbers, cast to the appropriate data type before plotting.
2026-03-24 22:03:52,082 - INFO - Using categorical units to plot a list of strings that are all parsable as floats or dates. If these strings should be plotted as numbers, cast to the appropriate data type before plotting.
2026-03-24 22:03:52,123 - INFO - Time in hospital plot saved
2026-03-24 22:03:52,123 - INFO - Creating interactive Plotly dashboard
2026-03-24 22:03:52,251 - INFO - Interactive dashboard saved
2026-03-24 22:03:52,395 - INFO - Data loaded for modeling
2026-03-24 22:03:52,587 - INFO - Text columns encoded
2026-03-24 22:03:52,588 - INFO - Features and target separated
2026-03-24 22:03:52,607 - INFO - Features scaled
2026-03-24 22:03:52,634 - INFO - Data split: 81412 train, 20354 test
2026-03-24 22:03:52,682 - INFO - Model training completed
2026-03-24 22:03:52,743 - INFO - Model accuracy: 0.6689
2026-03-24 22:03:52,743 - INFO - Model saved successfully
2026-03-24 22:03:52,878 - INFO - Results loaded for report generation
2026-03-24 22:03:52,888 - INFO - Excel report generated successfully
2026-03-24 22:03:52,947 - INFO - PDF report generated successfully
2026-03-25 13:01:28,613 - INFO - Model and scaler loaded for prediction
2026-03-25 13:02:07,218 - INFO - Patient details collected from terminal
2026-03-25 13:02:07,390 - INFO - Patient input prepared for prediction
2026-03-25 13:02:07,396 - INFO - Prediction made: 🔴 HIGH RISK, Score: 82.8%
2026-03-25 13:04:43,829 - INFO - loading data from: data/raw/diabetic_data.csv
2026-03-25 13:04:44,008 - INFO - Data loaded successfully
2026-03-25 13:05:19,880 - INFO - showing the basic dataset info
2026-03-25 13:05:19,953 - INFO - Saving data to SQLite database
2026-03-25 13:05:20,327 - INFO - Data saved to database successfully
2026-03-25 13:05:20,327 - INFO - loading raw data for cleaning
2026-03-25 13:05:20,530 - INFO - Replacing ? with NaN
2026-03-25 13:05:20,692 - INFO - Dropping useless columns
2026-03-25 13:05:20,693 - INFO - Columns after dropping: 43
2026-03-25 13:05:20,693 - INFO - handling missing values
2026-03-25 13:05:20,877 - INFO - missing values handled successfully
2026-03-25 13:05:20,877 - INFO - Cleaning target column: readmitted
2026-03-25 13:05:20,892 - INFO - Target column cleaned successfully
2026-03-25 13:05:20,892 - INFO - Saving cleaned data
2026-03-25 13:05:21,675 - INFO - Cleaned data saved successfully
2026-03-25 13:05:53,068 - INFO - Loading cleaned data for analysis
2026-03-25 13:05:53,232 - INFO - Running descriptive statistics
2026-03-25 13:05:53,269 - INFO - Descriptive statistics completed
2026-03-25 13:05:53,269 - INFO - Running correlation analysis
2026-03-25 13:05:53,340 - INFO - Correlation analysis completed
2026-03-25 13:05:53,341 - INFO - Running hypothesis testing
2026-03-25 13:05:53,377 - INFO - Hypothesis test completed. P-value: 0.0000
2026-03-25 13:05:53,377 - INFO - Calculating skewness and kurtosis
2026-03-25 13:05:53,379 - INFO - Skewness and kurtosis calculated
2026-03-25 13:05:53,379 - INFO - Saving summary statistics
2026-03-25 13:05:53,398 - INFO - Summary statistics saved successfully
2026-03-25 13:05:53,398 - INFO - Loading cleaned data for visualization
2026-03-25 13:05:53,575 - INFO - Plotting readmission rate by age group
2026-03-25 13:05:53,907 - INFO - Readmission by age plot saved
2026-03-25 13:05:53,907 - INFO - Plotting correlation heatmap
2026-03-25 13:05:54,031 - INFO - Correlation heatmap saved
2026-03-25 13:05:54,031 - INFO - Plotting medication distribution
2026-03-25 13:05:54,124 - INFO - Medication distribution plot saved
2026-03-25 13:05:54,124 - INFO - Plotting time in hospital boxplot
2026-03-25 13:05:54,164 - INFO - Using categorical units to plot a list of strings that are all parsable as floats or dates. If these strings should be plotted as numbers, cast to the appropriate data type before plotting.
2026-03-25 13:05:54,184 - INFO - Using categorical units to plot a list of strings that are all parsable as floats or dates. If these strings should be plotted as numbers, cast to the appropriate data type before plotting.
2026-03-25 13:05:54,229 - INFO - Time in hospital plot saved
2026-03-25 13:05:54,229 - INFO - Creating interactive Plotly dashboard
2026-03-25 13:05:54,354 - INFO - Interactive dashboard saved
2026-03-25 13:05:54,503 - INFO - Data loaded for modeling
2026-03-25 13:05:54,702 - INFO - Text columns encoded
2026-03-25 13:05:54,702 - INFO - Features and target separated
2026-03-25 13:05:54,723 - INFO - Features scaled
2026-03-25 13:05:54,752 - INFO - Data split: 81412 train, 20354 test
2026-03-25 13:05:54,803 - INFO - Model training completed
2026-03-25 13:05:54,863 - INFO - Model accuracy: 0.6689
2026-03-25 13:05:54,864 - INFO - Model saved successfully
2026-03-25 13:05:55,019 - INFO - Results loaded for report generation
2026-03-25 13:05:55,034 - INFO - Excel report generated successfully
2026-03-25 13:05:55,111 - INFO - PDF report generated successfully
2026-03-25 13:08:37,973 - INFO - loading data from: data/raw/diabetic_data.csv
2026-03-25 13:08:38,172 - INFO - Data loaded successfully
2026-03-25 13:09:22,116 - INFO - showing the basic dataset info
2026-03-25 13:09:22,209 - INFO - Saving data to SQLite database
2026-03-25 13:09:22,611 - INFO - Data saved to database successfully
2026-03-25 14:30:16,326 - INFO - Data loaded for modeling
2026-03-25 14:30:16,525 - INFO - Text columns encoded
2026-03-25 14:30:16,527 - INFO - Features and target separated
2026-03-25 14:30:16,557 - INFO - Features scaled
2026-03-25 14:30:16,585 - INFO - Data split: 81412 train, 20354 test
2026-03-25 14:30:16,625 - INFO - Model training completed
2026-03-25 14:30:16,841 - INFO - Model accuracy: 0.6689
2026-03-25 14:32:35,919 - INFO - Data loaded for modeling
2026-03-25 14:32:36,109 - INFO - Text columns encoded
2026-03-25 14:32:36,113 - INFO - Features and target separated
2026-03-25 14:32:36,134 - INFO - Features scaled
2026-03-25 14:32:36,162 - INFO - Data split: 81412 train, 20354 test
2026-03-25 14:32:36,200 - INFO - Model training completed
2026-03-25 14:32:36,388 - INFO - Model accuracy: 0.6689
2026-03-25 14:32:36,392 - INFO - Model saved successfully
2026-03-25 14:32:37,016 - INFO - Random Forest training completed
2026-03-25 14:32:37,074 - INFO - Random Forest: Accuracy=0.6814, ROC-AUC=0.6671
2026-03-25 14:32:37,151 - INFO - Feature importance chart saved
2026-03-25 14:32:37,155 - INFO - Random Forest model saved
2026-03-25 14:32:37,155 - INFO - Model comparison completed
2026-03-25 14:41:36,363 - INFO - Results loaded for report generation
2026-03-25 14:41:36,425 - INFO - Excel report generated successfully
2026-03-25 14:41:36,491 - INFO - PDF report generated successfully
2026-03-25 14:45:55,181 - INFO - Results loaded for report generation
2026-03-25 14:45:55,249 - INFO - Excel report generated successfully
2026-03-25 14:45:55,738 - INFO - PDF report generated successfully
2026-03-25 14:49:38,044 - INFO - Loading cleaned data for visualization
2026-03-25 14:49:38,186 - INFO - Plotting readmission rate by age group
2026-03-25 14:49:38,376 - INFO - Readmission by age plot saved
2026-03-25 14:49:38,376 - INFO - Plotting correlation heatmap
2026-03-25 14:49:38,515 - INFO - Correlation heatmap saved
2026-03-25 14:49:38,515 - INFO - Plotting medication distribution
2026-03-25 14:49:38,610 - INFO - Medication distribution plot saved
2026-03-25 14:49:38,610 - INFO - Plotting time in hospital boxplot
2026-03-25 14:49:38,645 - INFO - Using categorical units to plot a list of strings that are all parsable as floats or dates. If these strings should be plotted as numbers, cast to the appropriate data type before plotting.
2026-03-25 14:49:38,668 - INFO - Using categorical units to plot a list of strings that are all parsable as floats or dates. If these strings should be plotted as numbers, cast to the appropriate data type before plotting.
2026-03-25 14:49:38,715 - INFO - Time in hospital plot saved
2026-03-25 14:49:38,715 - INFO - Creating interactive Plotly dashboard
2026-03-25 14:49:38,839 - INFO - Interactive dashboard saved
2026-03-25 14:49:50,577 - INFO - Results loaded for report generation
2026-03-25 14:49:50,651 - INFO - Excel report generated successfully
2026-03-25 14:49:51,100 - INFO - PDF report generated successfully
2026-03-25 19:26:46,057 - INFO - Diabetes checker loaded
2026-03-25 19:27:34,770 - INFO - Patient details collected
2026-03-25 19:27:34,944 - INFO - Health report generated. Risk: 🔴 HIGH RISK, Score: 89.4%
2026-03-25 19:47:54,508 - INFO - loading data from: data/raw/diabetic_data.csv
2026-03-25 19:47:54,702 - INFO - Data loaded successfully
2026-03-25 19:48:30,709 - INFO - showing the basic dataset info
2026-03-25 19:48:30,780 - INFO - Saving data to SQLite database
2026-03-25 19:48:31,133 - INFO - Data saved to database successfully
2026-03-25 19:48:31,133 - INFO - loading raw data for cleaning
2026-03-25 19:48:31,316 - INFO - Replacing ? with NaN
2026-03-25 19:48:31,460 - INFO - Dropping useless columns
2026-03-25 19:48:31,461 - INFO - Columns after dropping: 43
2026-03-25 19:48:31,462 - INFO - handling missing values
2026-03-25 19:48:31,645 - INFO - missing values handled successfully
2026-03-25 19:48:31,645 - INFO - Cleaning target column: readmitted
2026-03-25 19:48:31,659 - INFO - Target column cleaned successfully
2026-03-25 19:48:31,659 - INFO - Saving cleaned data
2026-03-25 19:48:32,308 - INFO - Cleaned data saved successfully
2026-03-25 19:49:04,207 - INFO - Loading cleaned data for analysis
2026-03-25 19:49:04,350 - INFO - Running descriptive statistics
2026-03-25 19:49:04,377 - INFO - Descriptive statistics completed
2026-03-25 19:49:04,378 - INFO - Running correlation analysis
2026-03-25 19:49:04,395 - INFO - Correlation analysis completed
2026-03-25 19:49:04,395 - INFO - Running hypothesis testing
2026-03-25 19:49:04,418 - INFO - Hypothesis test completed. P-value: 0.0000
2026-03-25 19:49:04,418 - INFO - Calculating skewness and kurtosis
2026-03-25 19:49:04,420 - INFO - Skewness and kurtosis calculated
2026-03-25 19:49:04,420 - INFO - Saving summary statistics
2026-03-25 19:49:04,435 - INFO - Summary statistics saved successfully
2026-03-25 19:49:04,435 - INFO - Loading cleaned data for visualization
2026-03-25 19:49:04,576 - INFO - Plotting readmission rate by age group
2026-03-25 19:49:04,760 - INFO - Readmission by age plot saved
2026-03-25 19:49:04,760 - INFO - Plotting correlation heatmap
2026-03-25 19:49:04,875 - INFO - Correlation heatmap saved
2026-03-25 19:49:04,875 - INFO - Plotting medication distribution
2026-03-25 19:49:04,965 - INFO - Medication distribution plot saved
2026-03-25 19:49:04,965 - INFO - Plotting time in hospital boxplot
2026-03-25 19:49:04,999 - INFO - Using categorical units to plot a list of strings that are all parsable as floats or dates. If these strings should be plotted as numbers, cast to the appropriate data type before plotting.
2026-03-25 19:49:05,023 - INFO - Using categorical units to plot a list of strings that are all parsable as floats or dates. If these strings should be plotted as numbers, cast to the appropriate data type before plotting.
2026-03-25 19:49:05,064 - INFO - Time in hospital plot saved
2026-03-25 19:49:05,064 - INFO - Creating interactive Plotly dashboard
2026-03-25 19:49:05,158 - INFO - Interactive dashboard saved
2026-03-25 19:49:05,300 - INFO - Data loaded for modeling
2026-03-25 19:49:05,492 - INFO - Text columns encoded
2026-03-25 19:49:05,492 - INFO - Features and target separated
2026-03-25 19:49:05,510 - INFO - Features scaled
2026-03-25 19:49:05,537 - INFO - Data split: 81412 train, 20354 test
2026-03-25 19:49:05,576 - INFO - Model training completed
2026-03-25 19:49:05,635 - INFO - Model accuracy: 0.6689
2026-03-25 19:49:05,635 - INFO - Model saved successfully
2026-03-25 19:49:05,782 - INFO - Results loaded for report generation
2026-03-25 19:49:05,800 - INFO - Excel report generated successfully
2026-03-25 19:49:05,922 - INFO - PDF report generated successfully
2026-03-25 19:55:03,310 - INFO - Data loaded for modeling
2026-03-25 19:55:03,502 - INFO - Text columns encoded
2026-03-25 19:55:03,503 - INFO - Features and target separated
2026-03-25 19:55:03,523 - INFO - Features scaled
2026-03-25 19:55:03,550 - INFO - Data split: 81412 train, 20354 test
2026-03-25 19:55:03,588 - INFO - Model training completed
2026-03-25 19:55:03,771 - INFO - Model accuracy: 0.6689
2026-03-25 19:55:03,771 - INFO - Model saved successfully
2026-03-25 19:55:31,461 - INFO - Model and scaler loaded for prediction
2026-03-25 19:56:19,073 - INFO - Patient details collected from terminal
2026-03-25 19:56:19,233 - INFO - Patient input prepared for prediction
2026-03-25 19:56:19,238 - INFO - Prediction made: 🔴 HIGH RISK, Score: 100.0%
2026-03-25 20:08:01,394 - INFO - Model and scaler loaded for prediction
2026-03-25 20:08:59,242 - INFO - Patient details collected from terminal
2026-03-25 20:08:59,397 - INFO - Patient input prepared for prediction
2026-03-25 20:08:59,403 - INFO - Prediction made: 🔴 HIGH RISK, Score: 77.9%
2026-03-25 20:10:15,397 - INFO - Model and scaler loaded for prediction
2026-03-25 20:10:40,887 - INFO - Patient details collected from terminal
2026-03-25 20:10:41,059 - INFO - Patient input prepared for prediction
2026-03-25 20:10:41,064 - INFO - Prediction made: 🟢 LOW RISK, Score: 72.1%
2026-03-25 20:13:14,869 - INFO - Model and scaler loaded for prediction
2026-03-25 20:13:34,248 - INFO - Patient details collected from terminal
2026-03-25 20:13:34,415 - INFO - Patient input prepared for prediction
2026-03-25 20:13:34,420 - INFO - Prediction made: 🟢 LOW RISK, Score: 72.1%
2026-03-25 20:18:46,083 - INFO - Diabetes checker loaded
2026-03-25 20:19:13,817 - INFO - Patient details collected
2026-03-25 20:19:13,990 - INFO - Health report generated. Risk: 🔴 HIGH RISK, Score: 72.1%
2026-03-25 22:16:26,689 - INFO - loading data from: data/raw/diabetic_data.csv
2026-03-25 22:16:26,875 - INFO - Data loaded successfully
2026-03-25 22:17:02,771 - INFO - showing the basic dataset info
2026-03-25 22:17:02,846 - INFO - Saving data to SQLite database
2026-03-25 22:17:03,275 - INFO - Data saved to database successfully
2026-03-25 22:17:03,275 - INFO - loading raw data for cleaning
2026-03-25 22:17:03,458 - INFO - Replacing ? with NaN
2026-03-25 22:17:03,601 - INFO - Dropping useless columns
2026-03-25 22:17:03,603 - INFO - Columns after dropping: 43
2026-03-25 22:17:03,603 - INFO - handling missing values
2026-03-25 22:17:03,783 - INFO - missing values handled successfully
2026-03-25 22:17:03,783 - INFO - Cleaning target column: readmitted
2026-03-25 22:17:03,797 - INFO - Target column cleaned successfully
2026-03-25 22:17:03,797 - INFO - Saving cleaned data
2026-03-25 22:17:04,462 - INFO - Cleaned data saved successfully
2026-03-25 22:17:36,177 - INFO - Loading cleaned data for analysis
2026-03-25 22:17:36,317 - INFO - Running descriptive statistics
2026-03-25 22:17:36,346 - INFO - Descriptive statistics completed
2026-03-25 22:17:36,346 - INFO - Running correlation analysis
2026-03-25 22:17:36,364 - INFO - Correlation analysis completed
2026-03-25 22:17:36,364 - INFO - Running hypothesis testing
2026-03-25 22:17:36,388 - INFO - Hypothesis test completed. P-value: 0.0000
2026-03-25 22:17:36,388 - INFO - Calculating skewness and kurtosis
2026-03-25 22:17:36,389 - INFO - Skewness and kurtosis calculated
2026-03-25 22:17:36,390 - INFO - Saving summary statistics
2026-03-25 22:17:36,405 - INFO - Summary statistics saved successfully
2026-03-25 22:17:36,405 - INFO - Loading cleaned data for visualization
2026-03-25 22:17:36,546 - INFO - Plotting readmission rate by age group
2026-03-25 22:17:36,744 - INFO - Readmission by age plot saved
2026-03-25 22:17:36,744 - INFO - Plotting correlation heatmap
2026-03-25 22:17:36,856 - INFO - Correlation heatmap saved
2026-03-25 22:17:36,856 - INFO - Plotting medication distribution
2026-03-25 22:17:36,943 - INFO - Medication distribution plot saved
2026-03-25 22:17:36,944 - INFO - Plotting time in hospital boxplot
2026-03-25 22:17:36,978 - INFO - Using categorical units to plot a list of strings that are all parsable as floats or dates. If these strings should be plotted as numbers, cast to the appropriate data type before plotting.
2026-03-25 22:17:37,001 - INFO - Using categorical units to plot a list of strings that are all parsable as floats or dates. If these strings should be plotted as numbers, cast to the appropriate data type before plotting.
2026-03-25 22:17:37,043 - INFO - Time in hospital plot saved
2026-03-25 22:17:37,043 - INFO - Creating interactive Plotly dashboard
2026-03-25 22:17:37,152 - INFO - Interactive dashboard saved
2026-03-25 22:17:37,291 - INFO - Data loaded for modeling
2026-03-25 22:17:37,482 - INFO - Text columns encoded
2026-03-25 22:17:37,483 - INFO - Features and target separated
2026-03-25 22:17:37,501 - INFO - Features scaled
2026-03-25 22:17:37,528 - INFO - Data split: 81412 train, 20354 test
2026-03-25 22:17:37,569 - INFO - Model training completed
2026-03-25 22:17:37,628 - INFO - Model accuracy: 0.6689
2026-03-25 22:17:37,628 - INFO - Model saved successfully
2026-03-25 22:17:37,765 - INFO - Results loaded for report generation
2026-03-25 22:17:37,783 - INFO - Excel report generated successfully
2026-03-25 22:17:37,900 - INFO - PDF report generated successfully
2026-03-25 22:19:22,095 - INFO - Model and scaler loaded for prediction
2026-03-25 22:19:55,914 - INFO - Model and scaler loaded for prediction
2026-03-25 22:21:09,024 - INFO - Patient details collected from terminal
2026-03-25 22:21:09,194 - INFO - Patient input prepared for prediction
2026-03-25 22:21:09,200 - INFO - Prediction made: 🔴 HIGH RISK, Score: 99.3%
2026-03-25 23:02:48,595 - INFO - Model and scaler loaded for prediction
2026-03-25 23:03:19,703 - INFO - Patient details collected from terminal
2026-03-25 23:03:19,877 - INFO - Patient input prepared for prediction
2026-03-25 23:03:19,882 - INFO - Prediction made: 🔴 HIGH RISK, Score: 99.7%
2026-03-25 23:11:58,823 - INFO - Loading cleaned data for visualization
2026-03-25 23:11:58,962 - INFO - Plotting readmission rate by age group
2026-03-25 23:11:59,154 - INFO - Readmission by age plot saved
2026-03-25 23:11:59,154 - INFO - Plotting correlation heatmap
2026-03-25 23:11:59,279 - INFO - Correlation heatmap saved
2026-03-25 23:11:59,279 - INFO - Plotting medication distribution
2026-03-25 23:11:59,365 - INFO - Medication distribution plot saved
2026-03-25 23:11:59,365 - INFO - Plotting time in hospital boxplot
2026-03-25 23:11:59,399 - INFO - Using categorical units to plot a list of strings that are all parsable as floats or dates. If these strings should be plotted as numbers, cast to the appropriate data type before plotting.
2026-03-25 23:11:59,422 - INFO - Using categorical units to plot a list of strings that are all parsable as floats or dates. If these strings should be plotted as numbers, cast to the appropriate data type before plotting.
2026-03-25 23:11:59,463 - INFO - Time in hospital plot saved
2026-03-25 23:11:59,463 - INFO - Creating interactive Plotly dashboard
2026-03-25 23:11:59,564 - INFO - Interactive dashboard saved
2026-03-25 23:11:59,564 - INFO - Plotting readmission pie chart
2026-03-25 23:11:59,606 - INFO - Readmission pie chart saved
2026-03-25 23:11:59,607 - INFO - Plotting gender donut chart
2026-03-25 23:11:59,639 - INFO - Gender donut chart saved
2026-03-25 23:11:59,639 - INFO - Plotting scatter plot
2026-03-25 23:12:00,188 - INFO - Scatter plot saved
2026-03-25 23:12:00,188 - INFO - Plotting violin plot
2026-03-25 23:12:00,223 - INFO - Using categorical units to plot a list of strings that are all parsable as floats or dates. If these strings should be plotted as numbers, cast to the appropriate data type before plotting.
2026-03-25 23:12:00,245 - INFO - Using categorical units to plot a list of strings that are all parsable as floats or dates. If these strings should be plotted as numbers, cast to the appropriate data type before plotting.
2026-03-25 23:12:00,319 - INFO - Violin plot saved
2026-03-25 23:12:00,319 - INFO - Plotting line chart
2026-03-25 23:12:00,366 - INFO - Line chart saved
2026-03-25 23:12:00,366 - INFO - Plotting area chart
2026-03-25 23:12:00,417 - INFO - Area chart saved
2026-03-25 23:12:00,417 - INFO - Plotting pair plot
2026-03-25 23:12:31,762 - INFO - Pair plot saved
2026-03-25 23:12:31,762 - INFO - Plotting inpatient visits bar chart
2026-03-25 23:12:31,782 - INFO - Using categorical units to plot a list of strings that are all parsable as floats or dates. If these strings should be plotted as numbers, cast to the appropriate data type before plotting.
2026-03-25 23:12:31,784 - INFO - Using categorical units to plot a list of strings that are all parsable as floats or dates. If these strings should be plotted as numbers, cast to the appropriate data type before plotting.
2026-03-25 23:12:31,859 - INFO - Inpatient visits chart saved
2026-03-26 09:00:15,786 - INFO - Results loaded for report generation
2026-03-26 09:00:15,869 - INFO - Excel report generated successfully
2026-03-26 09:00:16,305 - INFO - PDF report generated successfully
2026-03-26 09:05:25,532 - INFO - Loading cleaned data for visualization
2026-03-26 09:05:25,681 - INFO - Plotting readmission rate by age group
2026-03-26 09:05:25,934 - INFO - Readmission by age plot saved
2026-03-26 09:05:25,934 - INFO - Plotting correlation heatmap
2026-03-26 09:05:26,068 - INFO - Correlation heatmap saved
2026-03-26 09:05:26,068 - INFO - Plotting medication distribution
2026-03-26 09:05:26,162 - INFO - Medication distribution plot saved
2026-03-26 09:05:26,162 - INFO - Plotting time in hospital boxplot
2026-03-26 09:05:26,201 - INFO - Using categorical units to plot a list of strings that are all parsable as floats or dates. If these strings should be plotted as numbers, cast to the appropriate data type before plotting.
2026-03-26 09:05:26,220 - INFO - Using categorical units to plot a list of strings that are all parsable as floats or dates. If these strings should be plotted as numbers, cast to the appropriate data type before plotting.
2026-03-26 09:05:26,263 - INFO - Time in hospital plot saved
2026-03-26 09:05:26,263 - INFO - Creating interactive Plotly dashboard
2026-03-26 09:05:26,370 - INFO - Interactive dashboard saved
2026-03-26 09:05:26,370 - INFO - Plotting readmission pie chart
2026-03-26 09:05:26,405 - INFO - Readmission pie chart saved
2026-03-26 09:05:26,405 - INFO - Plotting gender donut chart
2026-03-26 09:05:26,440 - INFO - Gender donut chart saved
2026-03-26 09:05:26,440 - INFO - Plotting scatter plot
2026-03-26 09:05:27,004 - INFO - Scatter plot saved
2026-03-26 09:05:27,004 - INFO - Plotting violin plot
2026-03-26 09:05:27,044 - INFO - Using categorical units to plot a list of strings that are all parsable as floats or dates. If these strings should be plotted as numbers, cast to the appropriate data type before plotting.
2026-03-26 09:05:27,063 - INFO - Using categorical units to plot a list of strings that are all parsable as floats or dates. If these strings should be plotted as numbers, cast to the appropriate data type before plotting.
2026-03-26 09:05:27,136 - INFO - Violin plot saved
2026-03-26 09:05:27,136 - INFO - Plotting line chart
2026-03-26 09:05:27,184 - INFO - Line chart saved
2026-03-26 09:05:27,184 - INFO - Plotting area chart
2026-03-26 09:05:27,238 - INFO - Area chart saved
2026-03-26 09:05:27,238 - INFO - Plotting pair plot
2026-03-26 09:05:58,655 - INFO - Pair plot saved
2026-03-26 09:05:58,656 - INFO - Plotting inpatient visits bar chart
2026-03-26 09:05:58,677 - INFO - Using categorical units to plot a list of strings that are all parsable as floats or dates. If these strings should be plotted as numbers, cast to the appropriate data type before plotting.
2026-03-26 09:05:58,679 - INFO - Using categorical units to plot a list of strings that are all parsable as floats or dates. If these strings should be plotted as numbers, cast to the appropriate data type before plotting.
2026-03-26 09:05:58,763 - INFO - Inpatient visits chart saved
